C:\Users\User\Documents\GitHub\Hexnodes\Hexnodes\Hexnodes\src\main\java\module-info.java
C:\Users\User\Documents\GitHub\Hexnodes\Hexnodes\Hexnodes\src\main\java\org\hexnodes\hexnodes\controllers\PuzzleController.java
C:\Users\User\Documents\GitHub\Hexnodes\Hexnodes\Hexnodes\src\main\java\org\hexnodes\hexnodes\game\AbsNode.java
C:\Users\User\Documents\GitHub\Hexnodes\Hexnodes\Hexnodes\src\main\java\org\hexnodes\hexnodes\game\Hexboard.java
C:\Users\User\Documents\GitHub\Hexnodes\Hexnodes\Hexnodes\src\main\java\org\hexnodes\hexnodes\controllers\MainController.java
C:\Users\User\Documents\GitHub\Hexnodes\Hexnodes\Hexnodes\src\main\java\org\hexnodes\hexnodes\game\INode.java
C:\Users\User\Documents\GitHub\Hexnodes\Hexnodes\Hexnodes\src\main\java\org\hexnodes\hexnodes\game\AspectEnum.java
C:\Users\User\Documents\GitHub\Hexnodes\Hexnodes\Hexnodes\src\main\java\org\hexnodes\hexnodes\game\IHexboard.java
C:\Users\User\Documents\GitHub\Hexnodes\Hexnodes\Hexnodes\src\main\java\org\hexnodes\hexnodes\Main.java
C:\Users\User\Documents\GitHub\Hexnodes\Hexnodes\Hexnodes\src\main\java\org\hexnodes\hexnodes\game\AbsHexboard.java
C:\Users\User\Documents\GitHub\Hexnodes\Hexnodes\Hexnodes\src\main\java\org\hexnodes\hexnodes\game\Node.java
